171.33.253.237 - - [25/Apr/2015:06:25:30 +0300] 128150 "Mozilla/5.0 (Windows NT 5.1; rv:37.0) Gecko/20100101 Firefox/37.0"
171.33.253.237 - - [25/Apr/2015:06:25:30 +0300] 1214 "Mozilla/5.0 (Windows NT 5.1; rv:37.0) Gecko/20100101 Firefox/37.0"
171.33.253.237 - - [25/Apr/2015:06:25:30 +0300] 1315 "Mozilla/5.0 (Windows NT 5.1; rv:37.0) Gecko/20100101 Firefox/37.0"
171.33.253.237 - - [25/Apr/2015:06:25:50 +0300] 2 "Mozilla/5.0 (Windows NT 5.1; rv:37.0) Gecko/20100101 Firefox/37.0"
171.33.253.237 - - [25/Apr/2015:06:25:50 +0300] 2 "Mozilla/5.0 (Windows NT 5.1; rv:37.0) Gecko/20100101 Firefox/37.0"
171.33.253.237 - - [25/Apr/2015:06:25:50 +0300] 122402 "Mozilla/5.0 (Windows NT 5.1; rv:37.0) Gecko/20100101 Firefox/37.0"
95.66.152.237 - - [25/Apr/2015:06:26:42 +0300] 9140 "Mozilla/5.0 (Windows NT 6.1) AppleWebKit/537.36 (KHTML, like Gecko) Chrome/40.0.2214.115 YaBrowser/15.2.2214.3645 Safari/537.36"
95.66.152.237 - - [25/Apr/2015:06:26:53 +0300] 9140 "Mozilla/5.0 (Windows NT 6.1) AppleWebKit/537.36 (KHTML, like Gecko) Chrome/40.0.2214.115 YaBrowser/15.2.2214.3645 Safari/537.36"
92.124.81.181 - - [25/Apr/2015:06:28:35 +0300] 1624261 "Mozilla/5.0 (Windows NT 6.2; WOW64) AppleWebKit/537.36 (KHTML, like Gecko) Chrome/33.0.1750.117 Safari/537.36 Nichrome/self/33"
92.124.81.181 - - [25/Apr/2015:06:28:35 +0300] 511474 "Mozilla/5.0 (Windows NT 6.2; WOW64) AppleWebKit/537.36 (KHTML, like Gecko) Chrome/33.0.1750.117 Safari/537.36 Nichrome/self/33"
92.124.81.181 - - [25/Apr/2015:06:28:35 +0300] 141139 "Mozilla/5.0 (Windows NT 6.2; WOW64) AppleWebKit/537.36 (KHTML, like Gecko) Chrome/33.0.1750.117 Safari/537.36 Nichrome/self/33"
95.65.33.129 - - [25/Apr/2015:06:28:35 +0300] 13441 "Mozilla/5.0 (Windows NT 6.1) AppleWebKit/537.36 (KHTML, like Gecko) Chrome/42.0.2311.90 Safari/537.36"
95.65.33.129 - - [25/Apr/2015:06:28:49 +0300] 13185 "Mozilla/5.0 (Windows NT 6.1) AppleWebKit/537.36 (KHTML, like Gecko) Chrome/42.0.2311.90 Safari/537.36"
